[WebServer] (node:51933) Warning: The 'NO_COLOR' env is ignored due to the 'FORCE_COLOR' env being set.
[WebServer] (Use `node --trace-warnings ...` to show where the warning was created)

[WebServer] (node:51942) Warning: The 'NO_COLOR' env is ignored due to the 'FORCE_COLOR' env being set.
[WebServer] (Use `node --trace-warnings ...` to show where the warning was created)


Running 11 tests using 1 worker

(node:51964) Warning: The 'NO_COLOR' env is ignored due to the 'FORCE_COLOR' env being set.
(Use `node --trace-warnings ...` to show where the warning was created)


[1/11] [chrome] › tests/e2e/directory-trust.spec.ts:3:5 › small-run program labels retain own-product restrictions and source evidence
[WebServer] (node:51986) Warning: The 'NO_COLOR' env is ignored due to the 'FORCE_COLOR' env being set.
[WebServer] (Use `node --trace-warnings ...` to show where the warning was created)

[WebServer] (node:51996) Warning: The 'NO_COLOR' env is ignored due to the 'FORCE_COLOR' env being set.
[WebServer] (Use `node --trace-warnings ...` to show where the warning was created)

[2/11] [chrome] › tests/e2e/directory-trust.spec.ts:21:5 › directory separates a published minimum from small-run suitability
[3/11] [chrome] › tests/e2e/directory-trust.spec.ts:32:5 › Consolidated Mills displays the private-label restriction in its profile and directory
[WebServer] (node:52021) Warning: The 'NO_COLOR' env is ignored due to the 'FORCE_COLOR' env being set.
[WebServer] (Use `node --trace-warnings ...` to show where the warning was created)

  1) [chrome] › tests/e2e/directory-trust.spec.ts:32:5 › Consolidated Mills displays the private-label restriction in its profile and directory

    Error: expect(locator).toContainText(expected) failed

    Locator: locator('.profile-small-run-signal')
    Expected substring: "Small-batch private label listed"
    Received string:    "Small-run signal listedPrivate label manufacturing of salsas and sauces; small-batch production runs for test items as well as large volume; library of proven recipes under customer label. This is a public-source signal, not a current quote. Confirm the current minimum and line fit directly with the manufacturer.Sources 1, 3, 4, 5"
    Timeout: 5000ms

    Call log:
      - Expect "toContainText" with timeout 5000ms
      - waiting for locator('.profile-small-run-signal')
        14 × locator resolved to <aside role="note" class="profile-small-run-signal">…</aside>
           - unexpected value "Small-run signal listedPrivate label manufacturing of salsas and sauces; small-batch production runs for test items as well as large volume; library of proven recipes under customer label. This is a public-source signal, not a current quote. Confirm the current minimum and line fit directly with the manufacturer.Sources 1, 3, 4, 5"


      33 |   await page.goto("/manufacturers/consolidated-mills-inc");
      34 |   const signal = page.locator(".profile-small-run-signal");
    > 35 |   await expect(signal).toContainText("Small-batch private label listed");
         |                        ^
      36 |   await expect(signal).toContainText("library of proven recipes under customer label");
      37 |   await expect(signal).toContainText("small-batch production runs for test items");
      38 |   await expect(signal).not.toContainText("food contract packaging");
        at /Users/nikolasmanuel/thelinelist-evidence-parsing/tests/e2e/directory-trust.spec.ts:35:24

    Error Context: test-results/directory-trust-Consolidat-ee28a-n-its-profile-and-directory-chrome/error-context.md

    attachment #2: trace (application/zip) ─────────────────────────────────────────────────────────
    test-results/directory-trust-Consolidat-ee28a-n-its-profile-and-directory-chrome/trace.zip
    Usage:

        npx playwright show-trace test-results/directory-trust-Consolidat-ee28a-n-its-profile-and-directory-chrome/trace.zip

    ────────────────────────────────────────────────────────────────────────────────────────────────


(node:52061) Warning: The 'NO_COLOR' env is ignored due to the 'FORCE_COLOR' env being set.
(Use `node --trace-warnings ...` to show where the warning was created)


[4/11] [chrome] › tests/e2e/directory-trust.spec.ts:45:5 › hot-sauce discovery and profiles retain reviewed evidence and contact uncertainty
[WebServer] (node:52085) Warning: The 'NO_COLOR' env is ignored due to the 'FORCE_COLOR' env being set.
[WebServer] (Use `node --trace-warnings ...` to show where the warning was created)

[5/11] [chrome] › tests/e2e/sourcing.spec.ts:1007:7 › manual intake keeps run allocation through reload and manufacturer research: 1,000 bottles across 4 runs
[WebServer] (node:52112) Warning: The 'NO_COLOR' env is ignored due to the 'FORCE_COLOR' env being set.
[WebServer] (Use `node --trace-warnings ...` to show where the warning was created)

[WebServer] (node:52123) Warning: The 'NO_COLOR' env is ignored due to the 'FORCE_COLOR' env being set.
[WebServer] (Use `node --trace-warnings ...` to show where the warning was created)

[WebServer] (node:52142) Warning: The 'NO_COLOR' env is ignored due to the 'FORCE_COLOR' env being set.
[WebServer] (Use `node --trace-warnings ...` to show where the warning was created)

[WebServer] (node:52151) Warning: The 'NO_COLOR' env is ignored due to the 'FORCE_COLOR' env being set.
[WebServer] (Use `node --trace-warnings ...` to show where the warning was created)

[6/11] [chrome] › tests/e2e/sourcing.spec.ts:1007:7 › manual intake keeps run allocation through reload and manufacturer research: 1,000 bottles total across 4 runs
[WebServer] (node:52160) Warning: The 'NO_COLOR' env is ignored due to the 'FORCE_COLOR' env being set.
[WebServer] (Use `node --trace-warnings ...` to show where the warning was created)

[WebServer] (node:52161) Warning: The 'NO_COLOR' env is ignored due to the 'FORCE_COLOR' env being set.
[WebServer] (Use `node --trace-warnings ...` to show where the warning was created)

[WebServer] (node:52173) Warning: The 'NO_COLOR' env is ignored due to the 'FORCE_COLOR' env being set.
[WebServer] (Use `node --trace-warnings ...` to show where the warning was created)

[7/11] [chrome] › tests/e2e/sourcing.spec.ts:1007:7 › manual intake keeps run allocation through reload and manufacturer research: 1,000 bottles across 4 production runs
[WebServer] (node:52182) Warning: The 'NO_COLOR' env is ignored due to the 'FORCE_COLOR' env being set.
[WebServer] (Use `node --trace-warnings ...` to show where the warning was created)

[WebServer] (node:52183) Warning: The 'NO_COLOR' env is ignored due to the 'FORCE_COLOR' env being set.
[WebServer] (Use `node --trace-warnings ...` to show where the warning was created)

[WebServer] (node:52204) Warning: The 'NO_COLOR' env is ignored due to the 'FORCE_COLOR' env being set.
[WebServer] (Use `node --trace-warnings ...` to show where the warning was created)

[WebServer] (node:52213) Warning: The 'NO_COLOR' env is ignored due to the 'FORCE_COLOR' env being set.
[WebServer] (Use `node --trace-warnings ...` to show where the warning was created)

[WebServer] (node:52214) Warning: The 'NO_COLOR' env is ignored due to the 'FORCE_COLOR' env being set.
[WebServer] (Use `node --trace-warnings ...` to show where the warning was created)

[8/11] [chrome] › tests/e2e/sourcing.spec.ts:1007:7 › manual intake keeps run allocation through reload and manufacturer research: 1,000 bottles across seven runs
[WebServer] (node:52234) Warning: The 'NO_COLOR' env is ignored due to the 'FORCE_COLOR' env being set.
[WebServer] (Use `node --trace-warnings ...` to show where the warning was created)

[WebServer] (node:52237) Warning: The 'NO_COLOR' env is ignored due to the 'FORCE_COLOR' env being set.
[WebServer] (Use `node --trace-warnings ...` to show where the warning was created)

[WebServer] (node:52238) Warning: The 'NO_COLOR' env is ignored due to the 'FORCE_COLOR' env being set.
[WebServer] (Use `node --trace-warnings ...` to show where the warning was created)

[9/11] [chrome] › tests/e2e/sourcing.spec.ts:1029:5 › manual hot-sauce intake preserves stated facts and shows granular real-record evidence
[WebServer] (node:52239) Warning: The 'NO_COLOR' env is ignored due to the 'FORCE_COLOR' env being set.
[WebServer] (Use `node --trace-warnings ...` to show where the warning was created)

[WebServer] (node:52266) Warning: The 'NO_COLOR' env is ignored due to the 'FORCE_COLOR' env being set.
[WebServer] (Use `node --trace-warnings ...` to show where the warning was created)

[WebServer] (node:52267) Warning: The 'NO_COLOR' env is ignored due to the 'FORCE_COLOR' env being set.
[WebServer] (Use `node --trace-warnings ...` to show where the warning was created)

[WebServer] (node:52269) Warning: The 'NO_COLOR' env is ignored due to the 'FORCE_COLOR' env being set.
[WebServer] (Use `node --trace-warnings ...` to show where the warning was created)

[WebServer] (node:52278) Warning: The 'NO_COLOR' env is ignored due to the 'FORCE_COLOR' env being set.
[WebServer] (Use `node --trace-warnings ...` to show where the warning was created)

[WebServer] (node:52291) Warning: The 'NO_COLOR' env is ignored due to the 'FORCE_COLOR' env being set.
[WebServer] (Use `node --trace-warnings ...` to show where the warning was created)

[10/11] [chrome] › tests/e2e/sourcing.spec.ts:1112:5 › realistic acidified hot-sauce brief ranks exact reviewed evidence and preserves founder controls
[WebServer] (node:52303) Warning: The 'NO_COLOR' env is ignored due to the 'FORCE_COLOR' env being set.
[WebServer] (Use `node --trace-warnings ...` to show where the warning was created)

[WebServer] (node:52312) Warning: The 'NO_COLOR' env is ignored due to the 'FORCE_COLOR' env being set.
[WebServer] (Use `node --trace-warnings ...` to show where the warning was created)

[WebServer] (node:52313) Warning: The 'NO_COLOR' env is ignored due to the 'FORCE_COLOR' env being set.
[WebServer] (Use `node --trace-warnings ...` to show where the warning was created)

[11/11] [chrome] › tests/e2e/sourcing.spec.ts:1486:5 › competitive beverage sourcing stays evidence-specific, deterministic, and founder-safe
[WebServer] (node:52314) Warning: The 'NO_COLOR' env is ignored due to the 'FORCE_COLOR' env being set.
[WebServer] (Use `node --trace-warnings ...` to show where the warning was created)

[WebServer] (node:52326) Warning: The 'NO_COLOR' env is ignored due to the 'FORCE_COLOR' env being set.
[WebServer] (Use `node --trace-warnings ...` to show where the warning was created)

[WebServer] (node:52335) Warning: The 'NO_COLOR' env is ignored due to the 'FORCE_COLOR' env being set.
[WebServer] (Use `node --trace-warnings ...` to show where the warning was created)

[WebServer] (node:52336) Warning: The 'NO_COLOR' env is ignored due to the 'FORCE_COLOR' env being set.
[WebServer] (Use `node --trace-warnings ...` to show where the warning was created)

[WebServer] (node:52337) Warning: The 'NO_COLOR' env is ignored due to the 'FORCE_COLOR' env being set.
[WebServer] (Use `node --trace-warnings ...` to show where the warning was created)

[WebServer] (node:52348) Warning: The 'NO_COLOR' env is ignored due to the 'FORCE_COLOR' env being set.
[WebServer] (Use `node --trace-warnings ...` to show where the warning was created)

[WebServer] (node:52357) Warning: The 'NO_COLOR' env is ignored due to the 'FORCE_COLOR' env being set.
[WebServer] (Use `node --trace-warnings ...` to show where the warning was created)

  1 failed
    [chrome] › tests/e2e/directory-trust.spec.ts:32:5 › Consolidated Mills displays the private-label restriction in its profile and directory
  10 passed (1.3m)
